BL51 BANKED LINKER/LOCATER V6.22.2.0                                                    05/12/2020  16:54:43  PAGE 1


BL51 BANKED LINKER/LOCATER V6.22.2.0, INVOKED BY:
C:\KEIL_V5\C51\BIN\BL51.EXE .\Objects\STARTUP.obj, .\Objects\test.obj TO .\Objects\LCD_test PRINT (.\Listings\LCD_test.m
>> 51) RAMSIZE (256)


MEMORY MODEL: SMALL


INPUT MODULES INCLUDED:
  .\Objects\STARTUP.obj (?C_STARTUP)
  .\Objects\test.obj (TEST)
  C:\KEIL_V5\C51\LIB\C51S.LIB (?C?CLDOPTR)


LINK MAP OF MODULE:  .\Objects\LCD_test (?C_STARTUP)


            TYPE    BASE      LENGTH    RELOCATION   SEGMENT NAME
            -----------------------------------------------------

            * * * * * * *   D A T A   M E M O R Y   * * * * * * *
            REG     0000H     0008H     ABSOLUTE     "REG BANK 0"
            DATA    0008H     0005H     UNIT         ?DT?_LCD_STRING_XY?TEST
            DATA    000DH     0005H     UNIT         _DATA_GROUP_
            IDATA   0012H     0001H     UNIT         ?STACK

            * * * * * * *   C O D E   M E M O R Y   * * * * * * *
            CODE    0000H     0003H     ABSOLUTE     
                    0003H     07FDH                  *** GAP ***
            CODE    0800H     0039H     UNIT         ?PR?_LCD_STRING_XY?TEST
            CODE    0839H     002DH     UNIT         ?C?LIB_CODE
            CODE    0866H     002BH     UNIT         ?PR?_LCD_STRING?TEST
            CODE    0891H     0028H     UNIT         ?PR?_DELAY?TEST
            CODE    08B9H     0020H     UNIT         ?PR?LCD_INIT?TEST
            CODE    08D9H     001CH     UNIT         ?PR?MAIN?TEST
            CODE    08F5H     001CH     UNIT         ?CO?TEST
            CODE    0911H     000EH     UNIT         ?PR?_LCD_COMMAND?TEST
            CODE    091FH     000EH     UNIT         ?PR?_LCD_CHAR?TEST
            CODE    092DH     000CH     UNIT         ?C_C51STARTUP



OVERLAY MAP OF MODULE:   .\Objects\LCD_test (?C_STARTUP)


SEGMENT                           DATA_GROUP 
  +--> CALLED SEGMENT           START    LENGTH
-----------------------------------------------
?C_C51STARTUP                   -----    -----
  +--> ?PR?MAIN?TEST

?PR?MAIN?TEST                   -----    -----
  +--> ?PR?LCD_INIT?TEST
  +--> ?CO?TEST
  +--> ?PR?_LCD_STRING?TEST
  +--> ?PR?_LCD_COMMAND?TEST

?PR?LCD_INIT?TEST               -----    -----
BL51 BANKED LINKER/LOCATER V6.22.2.0                                                  05/12/2020  16:54:43  PAGE 2


  +--> ?PR?_DELAY?TEST
  +--> ?PR?_LCD_COMMAND?TEST

?PR?_LCD_COMMAND?TEST           -----    -----
  +--> ?PR?_DELAY?TEST

?PR?_LCD_STRING?TEST            000DH    0005H
  +--> ?PR?_LCD_CHAR?TEST

?PR?_LCD_CHAR?TEST              -----    -----
  +--> ?PR?_DELAY?TEST



SYMBOL TABLE OF MODULE:  .\Objects\LCD_test (?C_STARTUP)

  VALUE           TYPE          NAME
  ----------------------------------

  -------         MODULE        ?C_STARTUP
  C:092DH         SEGMENT       ?C_C51STARTUP
  I:0012H         SEGMENT       ?STACK
  C:0000H         PUBLIC        ?C_STARTUP
  D:00E0H         SYMBOL        ACC
  D:00F0H         SYMBOL        B
  D:0083H         SYMBOL        DPH
  D:0082H         SYMBOL        DPL
  N:0000H         SYMBOL        IBPSTACK
  N:0100H         SYMBOL        IBPSTACKTOP
  N:0080H         SYMBOL        IDATALEN
  C:0930H         SYMBOL        IDATALOOP
  N:0000H         SYMBOL        PBPSTACK
  N:0100H         SYMBOL        PBPSTACKTOP
  N:0000H         SYMBOL        PDATALEN
  N:0000H         SYMBOL        PDATASTART
  N:0000H         SYMBOL        PPAGE
  N:0000H         SYMBOL        PPAGEENABLE
  D:00A0H         SYMBOL        PPAGE_SFR
  D:0081H         SYMBOL        SP
  C:092DH         SYMBOL        STARTUP1
  N:0000H         SYMBOL        XBPSTACK
  N:0000H         SYMBOL        XBPSTACKTOP
  N:0000H         SYMBOL        XDATALEN
  N:0000H         SYMBOL        XDATASTART
  C:0000H         LINE#         126
  C:092DH         LINE#         133
  C:092FH         LINE#         134
  C:0930H         LINE#         135
  C:0931H         LINE#         136
  C:0933H         LINE#         185
  C:0936H         LINE#         196
  -------         ENDMOD        ?C_STARTUP

  -------         MODULE        TEST
  C:0000H         SYMBOL        _ICE_DUMMY_
  C:0800H         PUBLIC        _LCD_String_xy
  D:00A0H         PUBLIC        P2
BL51 BANKED LINKER/LOCATER V6.22.2.0                                                  05/12/2020  16:54:43  PAGE 3


  C:0899H         PUBLIC        _delay
  C:08D9H         PUBLIC        main
  C:0866H         PUBLIC        _LCD_String
  C:091FH         PUBLIC        _LCD_Char
  C:08B9H         PUBLIC        LCD_Init
  B:00A0H.2       PUBLIC        en
  D:0090H         PUBLIC        lcd_data_port
  B:00A0H.0       PUBLIC        rs
  B:00A0H.1       PUBLIC        rw
  C:0911H         PUBLIC        _LCD_Command
  -------         PROC          L?0026
  -------         ENDPROC       L?0026
  -------         PROC          _DELAY
  D:0006H         SYMBOL        count
  -------         DO            
  D:0004H         SYMBOL        i
  D:0002H         SYMBOL        j
  -------         ENDDO         
  C:0899H         LINE#         15
  C:0899H         LINE#         16
  C:0899H         LINE#         18
  C:08A3H         LINE#         19
  C:08B8H         LINE#         20
  -------         ENDPROC       _DELAY
  -------         PROC          _LCD_COMMAND
  D:0007H         SYMBOL        cmd
  C:0911H         LINE#         22
  C:0911H         LINE#         23
  C:0911H         LINE#         24
  C:0913H         LINE#         25
  C:0915H         LINE#         26
  C:0915H         LINE#         27
  C:0915H         LINE#         28
  C:0918H         LINE#         29
  C:091AH         LINE#         30
  -------         ENDPROC       _LCD_COMMAND
  -------         PROC          _LCD_CHAR
  D:0007H         SYMBOL        char_data
  C:091FH         LINE#         33
  C:091FH         LINE#         34
  C:091FH         LINE#         35
  C:0921H         LINE#         36
  C:0923H         LINE#         37
  C:0923H         LINE#         38
  C:0923H         LINE#         39
  C:0926H         LINE#         40
  C:0928H         LINE#         41
  -------         ENDPROC       _LCD_CHAR
  -------         PROC          _LCD_STRING
  D:000DH         SYMBOL        str
  -------         DO            
  D:0010H         SYMBOL        i
  -------         ENDDO         
  C:0866H         LINE#         44
  C:086CH         LINE#         45
  C:086CH         LINE#         47
  C:0883H         LINE#         48
BL51 BANKED LINKER/LOCATER V6.22.2.0                                                  05/12/2020  16:54:43  PAGE 4


  C:0883H         LINE#         49
  C:0886H         LINE#         50
  C:0890H         LINE#         51
  -------         ENDPROC       _LCD_STRING
  -------         PROC          _LCD_STRING_XY
  D:0008H         SYMBOL        row
  D:0009H         SYMBOL        pos
  D:000AH         SYMBOL        str
  C:0800H         LINE#         53
  C:080AH         LINE#         54
  C:080AH         LINE#         55
  C:0811H         LINE#         56
  C:0819H         LINE#         57
  C:0826H         LINE#         58
  C:0830H         LINE#         59
  -------         ENDPROC       _LCD_STRING_XY
  -------         PROC          LCD_INIT
  C:08B9H         LINE#         62
  C:08B9H         LINE#         63
  C:08B9H         LINE#         64
  C:08C0H         LINE#         65
  C:08C5H         LINE#         66
  C:08CAH         LINE#         67
  C:08CFH         LINE#         68
  C:08D4H         LINE#         69
  -------         ENDPROC       LCD_INIT
  -------         PROC          MAIN
  C:08D9H         LINE#         72
  C:08D9H         LINE#         73
  C:08D9H         LINE#         75
  C:08DCH         LINE#         77
  C:08E5H         LINE#         78
  C:08EAH         LINE#         79
  C:08F3H         LINE#         81
  -------         ENDPROC       MAIN
  -------         ENDMOD        TEST

  -------         MODULE        ?C?CLDOPTR
  C:0839H         PUBLIC        ?C?CLDOPTR
  -------         ENDMOD        ?C?CLDOPTR

*** WARNING L16: UNCALLED SEGMENT, IGNORED FOR OVERLAY PROCESS
    SEGMENT: ?PR?_LCD_STRING_XY?TEST

******************************************************************************
* RESTRICTED VERSION WITH 0800H BYTE CODE SIZE LIMIT; USED: 010FH BYTE (13%) *
******************************************************************************

Program Size: data=19.0 xdata=0 code=316
LINK/LOCATE RUN COMPLETE.  1 WARNING(S),  0 ERROR(S)
